[4272:4632:0415/201559.765:331359:VERBOSE1:setup_main.cc(2383)] Command Line: "C:\Program Files (x86)\Microsoft\Edge\Application\92.0.902.67\Installer\setup.exe" --configure-user-settings --verbose-logging --system-level --msedge
[4272:4632:0415/201559.765:331359:VERBOSE1:setup_main.cc(2389)] system install is 1
[4272:4632:0415/201559.781:331375:VERBOSE1:installer_state.cc(95)] Install
[4272:4632:0415/201559.844:331437:VERBOSE1:install_util.cc(287)] Windows NT 10.0.19045
[4272:4632:0415/201559.844:331437:VERBOSE1:install.cc(1135)] Executing HandleActiveSetupForBrowser. Force: 0
[4272:4632:0415/201559.844:331437:VERBOSE1:install_worker.cc(1314)] Adding unregistration items for per-user Metro keys.
[4272:4632:0415/201559.844:331437:VERBOSE1:work_item_list.cc(33)] Beginning execution of work item list Cleanup deprecated per-user registrations
[4272:4632:0415/201559.844:331437:VERBOSE1:install_util.cc(484)] Deleting registry key Software\Microsoft\Edge\Metro
[4272:4632:0415/201559.844:331437:VERBOSE1:install_util.cc(484)] Deleting registry key Software\Microsoft\Edge\Metro
[4272:4632:0415/201559.844:331437:VERBOSE1:work_item_list.cc(54)] Successful execution of work item list Cleanup deprecated per-user registrations
[4272:4632:0415/201559.859:331453:VERBOSE1:shell_util.cc(4319)] IsEnterpriseDevice() returning true VersionType == SUITE_ENTERPRISE
[4272:4632:0415/201559.859:331453:VERBOSE1:shell_util.cc(2285)] IsEdgeUWPDesktopShortcutPresent() returning false
[4272:4632:0415/201559.859:331453:VERBOSE1:shell_util.cc(2740)] ShouldCreateDesktopShortcut() returning false
[4272:4632:0415/201559.890:331484:VERBOSE1:install.cc(147)] Creating per-user Quick Launch "Microsoft Edge" shortcut to C:\Program Files (x86)\Microsoft\Edge\Application\msedge.exe.
[4272:4632:0415/201559.984:331578:VERBOSE1:install.cc(147)] Creating per-user Start menu "Microsoft Edge" shortcut to C:\Program Files (x86)\Microsoft\Edge\Application\msedge.exe.
[4272:4632:0415/201559.984:331578:VERBOSE1:install.cc(1171)] Setting EdgeUWP associations as known to overcome shell bug.
[4272:4632:0415/201559.984:331578:VERBOSE1:shell_util.cc(4354)] Taking default associations
[4272:4632:0415/201600.000:331593:VERBOSE1:shell_util.cc(1982)] No default associations to modify were found.
[4272:4632:0415/201600.000:331593:VERBOSE1:shell_util.cc(4410)] Attempting to set Edge as the default MHT handler
[4272:4632:0415/201600.000:331593:VERBOSE1:shell_util.cc(4443)] IE is the default app for .mht
[4272:4632:0415/201600.078:331671:VERBOSE1:shell_util.cc(4484)] Successfully set Edge as the default app for .mht
[4272:4632:0415/201600.078:331671:VERBOSE1:shell_util.cc(4443)] IE is the default app for .mhtml
[4272:4632:0415/201600.093:331687:VERBOSE1:shell_util.cc(4484)] Successfully set Edge as the default app for .mhtml
[4272:4632:0415/201600.093:331687:VERBOSE1:install.cc(1218)] Checking if the browser should be auto-launched.
[4272:4632:0415/201600.093:331687:VERBOSE1:win_util.cc(1353)] Checking if internal user
[4272:4632:0415/201600.093:331687:VERBOSE1:install.cc(1228)] Auto-Launch not allowed: 1
[4272:4632:0415/201600.093:331687:VERBOSE1:install.cc(1238)] Launching msedge to finish taskbar shortcut migration
[4272:4632:0415/201600.187:331781:VERBOSE1:install.cc(1249)] Active-Setup phase took 340 msecs.
[4272:4632:0415/201600.187:331781:VERBOSE1:setup_main.cc(2566)] NonInstall operation completed. Exit code: 0
[4272:4632:0415/201600.203:331796:ERROR:persistent_histogram_storage.cc(146)] Persistent histograms fail to write to file: C:\Program Files (x86)\Microsoft\Edge\Application\SetupMetrics\20260415201600.pma
[4600:3980:0418/000324.451:1454390:VERBOSE1:setup_main.cc(2383)] Command Line: "C:\Program Files (x86)\Microsoft\Edge\Application\92.0.902.67\Installer\setup.exe" --configure-user-settings --verbose-logging --system-level --msedge --force-configure-user-settings
[4600:3980:0418/000324.464:1454406:VERBOSE1:setup_main.cc(2389)] system install is 1
[4600:3980:0418/000324.475:1454421:VERBOSE1:installer_state.cc(95)] Install
[4600:3980:0418/000324.633:1454578:VERBOSE1:install_util.cc(287)] Windows NT 10.0.19045
[4600:3980:0418/000324.634:1454578:VERBOSE1:install.cc(1135)] Executing HandleActiveSetupForBrowser. Force: 1
[4600:3980:0418/000324.634:1454578:VERBOSE1:install_worker.cc(1314)] Adding unregistration items for per-user Metro keys.
[4600:3980:0418/000324.634:1454578:VERBOSE1:work_item_list.cc(33)] Beginning execution of work item list Cleanup deprecated per-user registrations
[4600:3980:0418/000324.634:1454578:VERBOSE1:install_util.cc(484)] Deleting registry key Software\Microsoft\Edge\Metro
[4600:3980:0418/000324.634:1454578:VERBOSE1:install_util.cc(484)] Deleting registry key Software\Microsoft\Edge\Metro
[4600:3980:0418/000324.634:1454578:VERBOSE1:work_item_list.cc(54)] Successful execution of work item list Cleanup deprecated per-user registrations
[4600:3980:0418/000324.634:1454578:VERBOSE1:shell_util.cc(4319)] IsEnterpriseDevice() returning true VersionType == SUITE_ENTERPRISE
[4600:3980:0418/000324.635:1454578:VERBOSE1:shell_util.cc(2285)] IsEdgeUWPDesktopShortcutPresent() returning false
[4600:3980:0418/000324.635:1454578:VERBOSE1:shell_util.cc(2740)] ShouldCreateDesktopShortcut() returning false
[4600:3980:0418/000324.645:1454578:VERBOSE1:install.cc(147)] Creating per-user Quick Launch "Microsoft Edge" shortcut to C:\Program Files (x86)\Microsoft\Edge\Application\msedge.exe.
[4600:3980:0418/000324.661:1454593:VERBOSE1:install.cc(147)] Creating per-user Start menu "Microsoft Edge" shortcut to C:\Program Files (x86)\Microsoft\Edge\Application\msedge.exe.
[4600:3980:0418/000324.661:1454593:VERBOSE1:install.cc(1171)] Setting EdgeUWP associations as known to overcome shell bug.
[4600:3980:0418/000324.661:1454593:VERBOSE1:shell_util.cc(4354)] Taking default associations
[4600:3980:0418/000324.697:1454640:VERBOSE1:shell_util.cc(1982)] No default associations to modify were found.
[4600:3980:0418/000324.697:1454640:VERBOSE1:shell_util.cc(4410)] Attempting to set Edge as the default MHT handler
[4600:3980:0418/000324.697:1454640:VERBOSE1:shell_util.cc(4445)] Another app is already the default for .mht
[4600:3980:0418/000324.697:1454640:VERBOSE1:shell_util.cc(4445)] Another app is already the default for .mhtml
[4600:3980:0418/000324.698:1454640:VERBOSE1:install.cc(1249)] Active-Setup phase took 63 msecs.
[4600:3980:0418/000324.698:1454640:VERBOSE1:setup_main.cc(2566)] NonInstall operation completed. Exit code: 0
[4600:3980:0418/000324.704:1454640:ERROR:persistent_histogram_storage.cc(146)] Persistent histograms fail to write to file: C:\Program Files (x86)\Microsoft\Edge\Application\SetupMetrics\20260418000324.pma
